../Core/Src/main.c:66:6:delay	16	static
../Core/Src/main.c:83:6:SET_PIN_OUTPUT	40	static
../Core/Src/main.c:97:6:SET_PIN_INPUT	40	static
../Core/Src/main.c:111:6:DHT22_Start	8	static
../Core/Src/main.c:122:10:DHT22_Check_response	16	static
../Core/Src/main.c:138:9:DHT22_Read	16	static
../Core/Src/main.c:166:5:main	8	static
../Core/Src/main.c:242:6:SystemClock_Config	128	static
../Core/Src/main.c:289:13:MX_I2C1_Init	8	static
../Core/Src/main.c:337:13:MX_SPI1_Init	8	static
../Core/Src/main.c:377:13:MX_TIM1_Init	40	static
../Core/Src/main.c:424:13:MX_TIM6_Init	24	static
../Core/Src/main.c:462:13:MX_GPIO_Init	48	static
../Core/Src/main.c:521:6:Error_Handler	4	static,ignoring_inline_asm
